---
source: external-crates/move/crates/move-transactional-test-runner/src/framework.rs
---
processed 19 tasks

init:
A: object(0,0)

task 1, lines 23-47:
//# publish
created: object(1,0)
mutated: object(0,1)
gas summary: computation_cost: 1000000, computation_cost_burned: 1000000, storage_cost: 5783600, storage_rebate: 0, non_refundable_storage_fee: 0

task 2, lines 49-52:
//# programmable --sender A --inputs @A
//> 0: P0::m::create_foo();
//> 1: P0::m::create_foo();
//> TransferObjects([Result(0), Result(1)], Input(0))
created: object(2,0), object(2,1)
mutated: object(0,0)
gas summary: computation_cost: 1000000, computation_cost_burned: 1000000, storage_cost: 3412400, storage_rebate: 0, non_refundable_storage_fee: 0

task 3, line 54:
//# create-checkpoint
Checkpoint created: 1

task 4, lines 56-59:
//# programmable --sender A --inputs @A object(2,0) object(2,1)
//> 0: P0::m::wrap_foo(Input(1));
//> 1: P0::m::wrap_foo(Input(2));
//> TransferObjects([Result(0), Result(1)], Input(0))
created: object(4,0), object(4,1)
mutated: object(0,0)
wrapped: object(2,0), object(2,1)
gas summary: computation_cost: 1000000, computation_cost_burned: 1000000, storage_cost: 3959600, storage_rebate: 3412400, non_refundable_storage_fee: 0

task 5, line 61:
//# transfer-object 4,0 --sender A --recipient A
mutated: object(0,0), object(4,0)
gas summary: computation_cost: 1000000, computation_cost_burned: 1000000, storage_cost: 2470000, storage_rebate: 2470000, non_refundable_storage_fee: 0

task 6, line 63:
//# transfer-object 4,0 --sender A --recipient A
mutated: object(0,0), object(4,0)
gas summary: computation_cost: 1000000, computation_cost_burned: 1000000, storage_cost: 2470000, storage_rebate: 2470000, non_refundable_storage_fee: 0

task 7, line 65:
//# transfer-object 4,0 --sender A --recipient A
mutated: object(0,0), object(4,0)
gas summary: computation_cost: 1000000, computation_cost_burned: 1000000, storage_cost: 2470000, storage_rebate: 2470000, non_refundable_storage_fee: 0

task 8, line 67:
//# create-checkpoint
Checkpoint created: 2

task 9, lines 69-72:
//# programmable --sender A --inputs @A object(4,0) object(4,1)
//> 0: P0::m::unwrap_foo(Input(1));
//> 1: P0::m::unwrap_foo(Input(2));
//> TransferObjects([Result(0), Result(1)], Input(0))
mutated: object(0,0)
unwrapped: object(2,0), object(2,1)
deleted: object(4,0), object(4,1)
gas summary: computation_cost: 1000000, computation_cost_burned: 1000000, storage_cost: 3412400, storage_rebate: 3959600, non_refundable_storage_fee: 0

task 10, lines 74-76:
//# create-checkpoint
Checkpoint created: 3

task 11, lines 77-79:
//# programmable --sender A --inputs @A object(2,0)
//> 0: P0::m::wrap_foo(Input(1));
//> TransferObjects([Result(0)], Input(0))
created: object(11,0)
mutated: object(0,0)
wrapped: object(2,0)
gas summary: computation_cost: 1000000, computation_cost_burned: 1000000, storage_cost: 2470000, storage_rebate: 2196400, non_refundable_storage_fee: 0

task 12, line 81:
//# transfer-object 11,0 --sender A --recipient A
mutated: object(0,0), object(11,0)
gas summary: computation_cost: 1000000, computation_cost_burned: 1000000, storage_cost: 2470000, storage_rebate: 2470000, non_refundable_storage_fee: 0

task 13, line 83:
//# transfer-object 11,0 --sender A --recipient A
mutated: object(0,0), object(11,0)
gas summary: computation_cost: 1000000, computation_cost_burned: 1000000, storage_cost: 2470000, storage_rebate: 2470000, non_refundable_storage_fee: 0

task 14, line 85:
//# transfer-object 11,0 --sender A --recipient A
mutated: object(0,0), object(11,0)
gas summary: computation_cost: 1000000, computation_cost_burned: 1000000, storage_cost: 2470000, storage_rebate: 2470000, non_refundable_storage_fee: 0

task 15, line 87:
//# create-checkpoint
Checkpoint created: 4

task 16, lines 89-91:
//# programmable --sender A --inputs @A object(11,0)
//> 0: P0::m::unwrap_foo(Input(1));
//> TransferObjects([Result(0)], Input(0))
mutated: object(0,0)
unwrapped: object(2,0)
deleted: object(11,0)
gas summary: computation_cost: 1000000, computation_cost_burned: 1000000, storage_cost: 2196400, storage_rebate: 2470000, non_refundable_storage_fee: 0

task 17, line 93:
//# create-checkpoint
Checkpoint created: 5

task 18, lines 95-148:
//# run-graphql
Response: {
  "data": {
    "batch_lamport_correction": {
      "nodes": [
        {
          "address": "0xae06f92c54aa342523aec2a6ff6422044da07598af76755b103cb96c82af2873",
          "status": "WRAPPED_OR_DELETED",
          "version": 3
        },
        {
          "address": "0xf24219a8ec4d654b14dead478a44d4987104f8c397e4621c7b41006d05c764ac",
          "status": "WRAPPED_OR_DELETED",
          "version": 3
        }
      ]
    },
    "both_lamport_approximations": {
      "nodes": [
        {
          "address": "0xae06f92c54aa342523aec2a6ff6422044da07598af76755b103cb96c82af2873",
          "status": "WRAPPED_OR_DELETED",
          "version": 8
        }
      ]
    },
    "both_real_tombstones": {
      "nodes": [
        {
          "address": "0xae06f92c54aa342523aec2a6ff6422044da07598af76755b103cb96c82af2873",
          "status": "WRAPPED_OR_DELETED",
          "version": 8
        }
      ]
    },
    "first_lamport_minus_one": {
      "nodes": [
        {
          "address": "0xae06f92c54aa342523aec2a6ff6422044da07598af76755b103cb96c82af2873",
          "status": "WRAPPED_OR_DELETED",
          "version": 3
        }
      ]
    },
    "first_real_tombstone": {
      "nodes": [
        {
          "address": "0xae06f92c54aa342523aec2a6ff6422044da07598af76755b103cb96c82af2873",
          "status": "WRAPPED_OR_DELETED",
          "version": 3
        }
      ]
    },
    "old_active_version": {
      "nodes": [
        {
          "address": "0xae06f92c54aa342523aec2a6ff6422044da07598af76755b103cb96c82af2873",
          "status": "INDEXED",
          "version": 2
        }
      ]
    }
  }
}
