---
source: external-crates/move/crates/move-transactional-test-runner/src/framework.rs
---
processed 6 tasks

init:
A: object(0,0)

task 1, line 8:
//# publish-dependencies --paths crates/iota-adapter-transactional-tests/data/account_abstraction/abstract_account_with_pub_key.move
Output for 'crates/iota-adapter-transactional-tests/data/account_abstraction/abstract_account_with_pub_key.move':
created: object(2,0)
mutated: object(0,1)
gas summary: computation_cost: 1000000, computation_cost_burned: 1000000, storage_cost: 9348000,  storage_rebate: 0, non_refundable_storage_fee: 0

task 2, lines 10-34:
//# publish --sender A --dependencies abstract_account_with_pub_key
created: object(3,0), object(3,1)
mutated: object(0,0)
gas summary: computation_cost: 1000000, computation_cost_burned: 1000000, storage_cost: 9750800,  storage_rebate: 0, non_refundable_storage_fee: 0

task 3, line 36:
//# init-abstract-account --sender A --package-metadata object(3,1) --inputs "authenticate" "authenticate_ed25519" x"cc62332e34bb2d5cd69f60efbb2a36cb916c7eb458301ea36636c4dbb012bd88" --create-function abstract_account_with_pub_key::abstract_account::create --account-type abstract_account_with_pub_key::abstract_account::AbstractAccount
events: Event { package_id: abstract_account_with_pub_key, transaction_module: Identifier("abstract_account"), sender: A, type_: StructTag { address: iota, module: Identifier("account"), name: Identifier("MutableAccountCreated"), type_params: [Struct(StructTag { address: abstract_account_with_pub_key, module: Identifier("abstract_account"), name: Identifier("AbstractAccount"), type_params: [] })] }, contents: [185, 125, 55, 136, 200, 189, 190, 33, 166, 246, 152, 6, 76, 13, 226, 173, 113, 223, 216, 130, 226, 87, 54, 49, 33, 124, 69, 63, 177, 171, 194, 143, 144, 180, 200, 71, 251, 28, 134, 82, 7, 83, 50, 144, 154, 218, 209, 61, 171, 254, 128, 113, 29, 181, 11, 95, 178, 107, 156, 94, 37, 150, 186, 118, 12, 97, 117, 116, 104, 101, 110, 116, 105, 99, 97, 116, 101, 20, 97, 117, 116, 104, 101, 110, 116, 105, 99, 97, 116, 101, 95, 101, 100, 50, 53, 53, 49, 57] }
created: object(4,0), object(4,1), object(4,2), object(4,3)
mutated: object(0,0)
gas summary: computation_cost: 1000000, computation_cost_burned: 1000000, storage_cost: 9006000,  storage_rebate: 980400, non_refundable_storage_fee: 0

task 4, line 38:
//# view-object 4,0
Owner: Shared( 3 )
Version: 3
Contents: abstract_account_with_pub_key::abstract_account::AbstractAccount {
    id: iota::object::UID {
        id: iota::object::ID {
            bytes: fake(4,0),
        },
    },
}

task 5, lines 40-42:
//# abstract --account immshared(4,0) --auth-inputs x"cce72947906dbae4c166fc01fd096432784032be43db540909bc901dbc057992b4d655ca4f4355cf0868e1266baacf6919902969f063e74162f8f04bc4056105" x"315f5bdb76d078c43b8ac0064e4a0164612b1fce77c869345bfc94c10000edd3" --ptb-inputs 100 @A
Error: Failed to execute the Move authenticator, reason: "ExecutionError: ExecutionError { inner: ExecutionErrorInner { kind: MoveAbort(MoveLocation { module: ModuleId { address: object(3,0), name: Identifier(\"authenticate\") }, function: 0, instruction: 8, function_name: Some(\"authenticate_ed25519\") }, 0), source: Some(VMError { major_status: ABORTED, sub_status: Some(0), message: Some(\"object(3,0)::authenticate::authenticate_ed25519 at offset 8\"), exec_state: None, location: Module(ModuleId { address: object(3,0), name: Identifier(\"authenticate\") }), indices: [], offsets: [(FunctionDefinitionIndex(0), 8)] }), command: Some(0) } }".
