---
source: external-crates/move/crates/move-transactional-test-runner/src/framework.rs
---
processed 5 tasks

init:
A: object(0,0)

task 1, lines 8-32:
//# publish --sender A
created: object(1,0), object(1,1)
mutated: object(0,0)
gas summary: computation_cost: 1000000, computation_cost_burned: 1000000, storage_cost: 10146000,  storage_rebate: 0, non_refundable_storage_fee: 0

task 2, lines 34-35:
//# programmable --sender A --inputs object(1,1) "authenticate" "authenticate"
//> 0: test::authenticate::create(Input(0), Input(1), Input(2));
created: object(2,0)
mutated: object(0,0)
gas summary: computation_cost: 1000000, computation_cost_burned: 1000000, storage_cost: 2371200,  storage_rebate: 980400, non_refundable_storage_fee: 0

task 3, line 37:
//# view-object 2,0
Owner: Shared( 3 )
Version: 3
Contents: test::authenticate::AbstractAccount {
    id: iota::object::UID {
        id: iota::object::ID {
            bytes: fake(2,0),
        },
    },
}

task 4, lines 39-41:
//# abstract --account immshared(2,0) --ptb-inputs 100 @A
Error: Error checking transaction input objects: MoveAuthenticatorNotFound { authenticator_info_id: 0xb3ba30d559a5046a74eb88fff1ef9aa5c5329e97752e1f3d53e69568a94bda35, account_object_id: object(2,0), account_object_version: SequenceNumber(3) }
