---
source: external-crates/move/crates/move-transactional-test-runner/src/framework.rs
---
processed 5 tasks

init:
A: object(0,0)

task 1, lines 8-28:
//# publish --sender A
created: object(1,0)
mutated: object(0,0)
gas summary: computation_cost: 1000000, computation_cost_burned: 1000000, storage_cost: 6429600,  storage_rebate: 0, non_refundable_storage_fee: 0

task 2, line 30:
//# init-abstract-acc --sender A test authenticate authenticate test::authenticate::AbstractAccount
created: object(2,0)
mutated: object(0,0)
gas summary: computation_cost: 1000000, computation_cost_burned: 1000000, storage_cost: 2371200,  storage_rebate: 980400, non_refundable_storage_fee: 0

task 3, line 32:
//# view-object 2,0
Owner: Shared( 3 )
Version: 3
Contents: test::authenticate::AbstractAccount {
    id: iota::object::UID {
        id: iota::object::ID {
            bytes: fake(2,0),
        },
    },
}

task 4, lines 34-36:
//# abstract --account immshared(2,0) --ptb-inputs 100 @A
Error: Error checking transaction input objects: MoveAuthenticatorNotFound { authenticator_info_id: 0x5d8c5a61af5988b7cf83e5d084de59644c59f8f8954b670fb3301a9580892cde, account_object_id: object(2,0), account_object_version: SequenceNumber(3) }
