---
source: external-crates/move/crates/move-transactional-test-runner/src/framework.rs
---
processed 3 tasks

init:
A: object(0,0)

task 1, line 8:
//# publish-dependencies --paths crates/iota-adapter-transactional-tests/data/account_abstraction/simple_abstract_account.move
Output for 'crates/iota-adapter-transactional-tests/data/account_abstraction/simple_abstract_account.move':
created: object(2,0)
mutated: object(0,1)
gas summary: computation_cost: 1000000, computation_cost_burned: 1000000, storage_cost: 9971200,  storage_rebate: 0, non_refundable_storage_fee: 0

task 2, lines 10-22:
//# publish --sender A --dependencies simple_abstract_account
created: object(3,0), object(3,1)
mutated: object(0,0)
gas summary: computation_cost: 1000000, computation_cost_burned: 1000000, storage_cost: 8869200,  storage_rebate: 0, non_refundable_storage_fee: 0
