---
source: external-crates/move/crates/move-transactional-test-runner/src/framework.rs
---
processed 6 tasks

init:
A: object(0,0)

task 1, line 10:
//# publish-dependencies --paths crates/iota-adapter-transactional-tests/data/account_abstraction/simple_abstract_account.move
Output for 'crates/iota-adapter-transactional-tests/data/account_abstraction/simple_abstract_account.move':
created: object(2,0)
mutated: object(0,1)
gas summary: computation_cost: 1000000, computation_cost_burned: 1000000, storage_cost: 9971200,  storage_rebate: 0, non_refundable_storage_fee: 0

task 2, lines 12-33:
//# publish --sender A --dependencies simple_abstract_account
created: object(3,0), object(3,1)
mutated: object(0,0)
gas summary: computation_cost: 1000000, computation_cost_burned: 1000000, storage_cost: 11172000,  storage_rebate: 0, non_refundable_storage_fee: 0

task 3, line 35:
//# init-abstract-account --sender A --package-metadata object(3,0) --inputs "pure_types" "authenticate" --create-function simple_abstract_account::abstract_account::create --account-type simple_abstract_account::abstract_account::AbstractAccount
events: Event { package_id: simple_abstract_account, transaction_module: Identifier("abstract_account"), sender: A, type_: StructTag { address: iota, module: Identifier("account"), name: Identifier("MutableAccountCreated"), type_params: [Struct(StructTag { address: simple_abstract_account, module: Identifier("abstract_account"), name: Identifier("AbstractAccount"), type_params: [] })] }, contents: [125, 18, 16, 24, 199, 45, 152, 81, 201, 57, 109, 181, 185, 229, 147, 38, 163, 238, 57, 38, 147, 28, 245, 227, 211, 33, 218, 79, 33, 46, 1, 100, 234, 254, 116, 17, 143, 6, 248, 49, 230, 108, 36, 34, 145, 223, 130, 241, 7, 1, 80, 63, 137, 79, 200, 6, 92, 211, 18, 62, 29, 169, 183, 125, 10, 112, 117, 114, 101, 95, 116, 121, 112, 101, 115, 12, 97, 117, 116, 104, 101, 110, 116, 105, 99, 97, 116, 101] }
created: object(4,0), object(4,1), object(4,2)
mutated: object(0,0)
gas summary: computation_cost: 1000000, computation_cost_burned: 1000000, storage_cost: 6832400,  storage_rebate: 980400, non_refundable_storage_fee: 0

task 4, line 37:
//# view-object 4,2
Owner: Shared( 3 )
Version: 3
Contents: simple_abstract_account::abstract_account::AbstractAccount {
    id: iota::object::UID {
        id: iota::object::ID {
            bytes: fake(4,2),
        },
    },
}

task 5, lines 39-42:
//# abstract --account immshared(4,2) --ptb-inputs 100 @A
created: object(6,0)
mutated: object(4,0)
unchanged_shared: object(4,2)
gas summary: computation_cost: 1000000, computation_cost_burned: 1000000, storage_cost: 1960800,  storage_rebate: 980400, non_refundable_storage_fee: 0
