---
source: crates/move-package-alt/tests/test_runner.rs
---
Manifest {
    package: PackageMetadata {
        name: Located {
            loc: Location {
                file: "tests/data/flavor_iota/Move.toml",
                span: 17..23,
            },
            value: Identifier(
                "name",
            ),
        },
        edition: Located {
            loc: Location {
                file: "tests/data/flavor_iota/Move.toml",
                span: 34..45,
            },
            value: "2024.beta",
        },
        metadata: (),
    },
    environments: {
        "mainnet": "6364aad5",
    },
    dependencies: {},
    dep_replacements: {},
}
