---
source: external-crates/move/crates/move-transactional-test-runner/src/framework.rs
---
processed 5 tasks

init:
A: object(0,0)

task 1, lines 8-33:
//# publish --sender A
created: object(1,0), object(1,1)
mutated: object(0,0)
gas summary: computation_cost: 1000000, computation_cost_burned: 1000000, storage_cost: 9978800,  storage_rebate: 0, non_refundable_storage_fee: 0

task 2, lines 35-37:
//# programmable --sender A --inputs x"10" object(1,1) "abstract_account" "authenticate"
//> 0: iota::account::create_auth_info_v1<test::abstract_account::AbstractAccount>(Input(1), Input(2), Input(3));
//> 1: test::abstract_account::create(Input(0), Result(0));
created: object(2,0), object(2,1)
mutated: object(0,0)
gas summary: computation_cost: 1000000, computation_cost_burned: 1000000, storage_cost: 5677200,  storage_rebate: 980400, non_refundable_storage_fee: 0

task 3, line 39:
//# view-object 2,1
Owner: Shared( 3 )
Version: 3
Contents: test::abstract_account::AbstractAccount {
    id: iota::object::UID {
        id: iota::object::ID {
            bytes: fake(2,1),
        },
    },
}

task 4, lines 41-43:
//# abstract --account immshared(2,1) --ptb-inputs 100 @A
Error: Error checking transaction input objects: NotSharedObject
