---
source: external-crates/move/crates/move-transactional-test-runner/src/framework.rs
---
processed 8 tasks

init:
A: object(0,0)

task 1, lines 6-29:
//# publish
created: object(1,0)
mutated: object(0,1)
gas summary: computation_cost: 1000000, computation_cost_burned: 1000000, storage_cost: 5981200,  storage_rebate: 0, non_refundable_storage_fee: 0

task 2, lines 31-33:
//# programmable --sender A --inputs 1 @A
//> P::M::new(Input(0));
//> TransferObjects([Result(0)], Input(1))
created: object(2,0)
mutated: object(0,0)
gas summary: computation_cost: 1000000, computation_cost_burned: 1000000, storage_cost: 2280000,  storage_rebate: 0, non_refundable_storage_fee: 0

task 3, lines 35-37:
//# programmable --sender A --inputs object(2,0) @A
//> P::M::wrap(Input(0));
//> TransferObjects([Result(0)], Input(1))
created: object(3,0)
mutated: object(0,0)
wrapped: object(2,0)
gas summary: computation_cost: 1000000, computation_cost_burned: 1000000, storage_cost: 2530800,  storage_rebate: 2280000, non_refundable_storage_fee: 0

task 4, lines 39-41:
//# programmable --sender A --inputs object(3,0)
//> P::M::unwrap(Input(0));
//> TransferObjects([Result(0)], Input(1))
Error: Transaction Effects Status: Invalid command argument at 1. Out of bounds access to input or result vector 1
Execution Error: ExecutionError: ExecutionError { inner: ExecutionErrorInner { kind: CommandArgumentError { arg_idx: 1, kind: IndexOutOfBounds { idx: 1 } }, source: None, command: Some(1) } }

task 5, lines 43-44:
//# programmable --sender A --inputs object(4,0)
//> P::M::destroy(Result(0))
Error: INVALID TEST. Unknown object, object(4,0)

task 6, line 46:
//# create-checkpoint
Checkpoint created: 1

task 7, lines 48-56:
//# run-graphql
Response: {
  "data": {
    "events": {
      "nodes": [
        {
          "digest": "EjK8uCNejtPBfbjrjmz7kbsCFd5N4UaeqBuYUEZs49sC"
        }
      ]
    }
  }
}
