---
source: external-crates/move/crates/move-transactional-test-runner/src/framework.rs
---
processed 2 tasks

init:
A: object(0,0)

task 1, lines 9-11:
//# programmable --sender A --inputs object(0x10) x"cc62332e34bb2d5cd69f60efbb2a36cb916c7eb458301ea36636c4dbb012bd88"
//> iota::signature_scheme::ed25519();
//> iota::claim_registry::claim(Input(0), Result(0), Input(1));
Error: Transaction Effects Status: Move Runtime Abort. Location: iota::claim_registry::claim (function index 1) at offset 17, Abort Code: 13835058368814776321
Debug of error: MoveAbort(MoveLocation { module: ModuleId { address: iota, name: Identifier("claim_registry") }, function: 1, instruction: 17, function_name: Some("claim") }, 13835058368814776321) at command Some(1)
