---
source: external-crates/move/crates/move-transactional-test-runner/src/framework.rs
---
processed 4 tasks

init:
A: object(0,0)

task 1, lines 16-27:
//# publish --sender A
created: object(1,0), object(1,1)
mutated: object(0,0)
gas summary: computation_cost: 1000000, computation_cost_burned: 1000000, storage_cost: 8086400,  storage_rebate: 0, non_refundable_storage_fee: 0

task 2, lines 29-31:
//# programmable --sender A --inputs object(0x11) 0u8 x"7f51463aeb76d88dc9b75e637250b220c49cf5b7967dbf17c1f9fa7c594a0928" object(1,1) "custom_auth" "authenticate"
//> 0: iota::authenticator_function::create_auth_function_ref_v1<iota::iota_default_account::IotaDefaultAccount>(Input(3), Input(4), Input(5));
//> 1: iota::claim_registry::claim_with_auth(Input(0), Input(1), Input(2), Result(0));
events: Event { package_id: iota, transaction_module: Identifier("claim_registry"), sender: A, type_: StructTag { address: iota, module: Identifier("account"), name: Identifier("MutableAccountCreated"), type_params: [Struct(StructTag { address: iota, module: Identifier("iota_default_account"), name: Identifier("IotaDefaultAccount"), type_params: [] })] }, contents: [140, 202, 78, 28, 224, 186, 89, 4, 206, 166, 29, 249, 36, 45, 162, 247, 210, 158, 62, 243, 40, 251, 126, 192, 124, 8, 107, 59, 244, 124, 166, 26, 64, 94, 156, 186, 124, 48, 216, 131, 7, 241, 191, 235, 231, 98, 23, 228, 214, 226, 195, 60, 7, 21, 140, 45, 28, 60, 62, 62, 58, 99, 195, 54, 11, 99, 117, 115, 116, 111, 109, 95, 97, 117, 116, 104, 12, 97, 117, 116, 104, 101, 110, 116, 105, 99, 97, 116, 101] }
created: object(2,0), object(2,1), object(2,2)
mutated: 0x0000000000000000000000000000000000000000000000000000000000000011, object(0,0)
gas summary: computation_cost: 1000000, computation_cost_burned: 1000000, storage_cost: 9203600,  storage_rebate: 980400, non_refundable_storage_fee: 0

task 3, line 33:
//# view-object 2,2
Owner: Shared( 3 )
Version: 3
Contents: iota::iota_default_account::IotaDefaultAccount {
    id: iota::object::UID {
        id: iota::object::ID {
            bytes: A,
        },
    },
    public_key: vector[
        127u8,
        81u8,
        70u8,
        58u8,
        235u8,
        118u8,
        216u8,
        141u8,
        201u8,
        183u8,
        94u8,
        99u8,
        114u8,
        80u8,
        178u8,
        32u8,
        196u8,
        156u8,
        245u8,
        183u8,
        150u8,
        125u8,
        191u8,
        23u8,
        193u8,
        249u8,
        250u8,
        124u8,
        89u8,
        74u8,
        9u8,
        40u8,
    ],
    scheme: 0u8,
}
