---
source: external-crates/move/crates/move-transactional-test-runner/src/framework.rs
---
processed 4 tasks

init:
A: object(0,0)

task 1, lines 11-28:
//# publish --sender A
created: object(1,0)
mutated: object(0,0)
gas summary: computation_cost: 1000000, computation_cost_burned: 1000000, storage_cost: 5776000, storage_rebate: 0, non_refundable_storage_fee: 0

task 2, lines 30-32:
//# programmable --sender A --inputs object(0x10) x"007f51463aeb76d88dc9b75e637250b220c49cf5b7967dbf17c1f9fa7c594a0928"
//> iota::public_key::from_prefixed_bytes(Input(1));
//> 1: custom_account::account::create(Input(0), Result(0));
created: object(2,0), object(2,1)
mutated: 0x0000000000000000000000000000000000000000000000000000000000000010, object(0,0)
gas summary: computation_cost: 1000000, computation_cost_burned: 1000000, storage_cost: 5251600, storage_rebate: 980400, non_refundable_storage_fee: 0

task 3, line 34:
//# view-object 2,0
Owner: Account Address ( A )
Version: 3
Contents: custom_account::account::Account {
    id: iota::object::UID {
        id: iota::object::ID {
            bytes: A,
        },
    },
}
