---
source: crates/move-compiler/tests/move_check_testsuite.rs
info:
  flavor: iota
  edition: legacy
  lint: false
---
error[Iota E02010]: invalid private account call
  ┌─ tests/iota_mode/account/account_generic.move:7:9
  │
6 │     public fun t1<A: key>(account: A, authenticator: AuthenticatorFunctionRefV1<A>) {
  │                                    - The type 'A' is not declared in the current module
7 │         account::create_account_v1(account, authenticator);
  │         ^^^^^^^^^^^^^^^^^^^^^^^^^^^^^^^^^^^^^^^^^^^^^^^^^^ Invalid private account call. The function 'iota::account::create_account_v1' is restricted to being called in the object's module

error[Iota E02010]: invalid private account call
   ┌─ tests/iota_mode/account/account_generic.move:11:9
   │
10 │     public fun t2<A: key>(account: A, authenticator: AuthenticatorFunctionRefV1<A>) {
   │                                    - The type 'A' is not declared in the current module
11 │         account::create_immutable_account_v1(account, authenticator);
   │         ^^^^^^^^^^^^^^^^^^^^^^^^^^^^^^^^^^^^^^^^^^^^^^^^^^^^^^^^^^^^ Invalid private account call. The function 'iota::account::create_immutable_account_v1' is restricted to being called in the object's module

error[Iota E02010]: invalid private account call
   ┌─ tests/iota_mode/account/account_generic.move:18:9
   │
15 │         account: &mut A,
   │                       - The type 'A' is not declared in the current module
   ·
18 │         account::rotate_auth_function_ref_v1(account, authenticator)
   │         ^^^^^^^^^^^^^^^^^^^^^^^^^^^^^^^^^^^^^^^^^^^^^^^^^^^^^^^^^^^^ Invalid private account call. The function 'iota::account::rotate_auth_function_ref_v1' is restricted to being called in the object's module
