---
source: crates/move-compiler/tests/move_check_testsuite.rs
info:
  flavor: iota
  edition: legacy
  lint: true
---
error[Lint E99010]: invalid view function
   ┌─ tests/iota_mode/linter/view_function_invalid.move:14:16
   │
14 │     public fun no_return(x: u64) {
   │                ^^^^^^^^^ Function 'no_return' is marked as #[view] but it has no return type (view functions must return a value)

error[Lint E99010]: invalid view function
   ┌─ tests/iota_mode/linter/view_function_invalid.move:20:16
   │
20 │     public fun takes_object(counter: Counter): u64 {
   │                ^^^^^^^^^^^^ Function 'takes_object' is marked as #[view] but it has an object parameter (view functions cannot take objects by value)

error[Lint E99010]: invalid view function
   ┌─ tests/iota_mode/linter/view_function_invalid.move:27:16
   │
27 │     public fun mutates_object(counter: &mut Counter): u64 {
   │                ^^^^^^^^^^^^^^ Function 'mutates_object' is marked as #[view] but it has a mutable reference to an object (view functions cannot mutate objects)

error[Lint E99010]: invalid view function
   ┌─ tests/iota_mode/linter/view_function_invalid.move:34:16
   │
34 │     public fun calls_external(_x: u64): u64 {
   │                ^^^^^^^^^^^^^^ Function 'calls_external' is marked as #[view] but view functions cannot make module calls

error[Lint E99010]: invalid view function
   ┌─ tests/iota_mode/linter/view_function_invalid.move:40:23
   │
40 │     public native fun native_view(x: u64): u64;
   │                       ^^^^^^^^^^^ Function 'native_view' is marked as #[view] but it is a native function (native functions cannot be view)
