warning: unused variable: `other`
   --> external-crates/move/crates/move-regex-borrow-graph/src/collections.rs:503:37
    |
503 |     fn check_join_invariants(&self, other: &Self) {
    |                                     ^^^^^ help: if this is intentional, prefix it with an underscore: `_other`
    |
    = note: `#[warn(unused_variables)]` (part of `#[warn(unused)]`) on by default

warning: unused variable: `r`
   --> external-crates/move/crates/move-regex-borrow-graph/src/collections.rs:558:44
    |
558 |     fn check_self_epsilon_invariant(&self, r: Ref) {
    |                                            ^ help: if this is intentional, prefix it with an underscore: `_r`

warning: method `check_invariants` is never used
   --> external-crates/move/crates/move-regex-borrow-graph/src/references.rs:188:19
    |
187 | impl<Loc, Lbl: Ord> Edge<Loc, Lbl> {
    | ---------------------------------- method in this implementation
188 |     pub(crate) fn check_invariants(&self) {
    |                   ^^^^^^^^^^^^^^^^
    |
    = note: `#[warn(dead_code)]` (part of `#[warn(unused)]`) on by default

warning: `move-regex-borrow-graph` (lib) generated 3 warnings (run `cargo fix --lib -p move-regex-borrow-graph` to apply 2 suggestions)
   Compiling iota-core v1.23.0-alpha (/Users/andrewcullen/Documents/GitHub/iota/crates/iota-core)
   Compiling iota-json-rpc v1.23.0-alpha (/Users/andrewcullen/Documents/GitHub/iota/crates/iota-json-rpc)
   Compiling iota-snapshot v1.23.0-alpha (/Users/andrewcullen/Documents/GitHub/iota/crates/iota-snapshot)
   Compiling iota-node v1.23.0-alpha (/Users/andrewcullen/Documents/GitHub/iota/crates/iota-node)
   Compiling iota-swarm v1.23.0-alpha (/Users/andrewcullen/Documents/GitHub/iota/crates/iota-swarm)
   Compiling test-cluster v1.23.0-alpha (/Users/andrewcullen/Documents/GitHub/iota/crates/test-cluster)
   Compiling iota-benchmark v1.23.0-alpha (/Users/andrewcullen/Documents/GitHub/iota/crates/iota-benchmark)
    Finished `release` profile [optimized + debuginfo] target(s) in 1m 52s
warning: the following packages contain code that will be rejected by a future version of Rust: num-bigint-dig v0.8.4
note: to see what the problems were, use the option `--future-incompat-report`, or run `cargo report future-incompatibilities --id 1`
