---
source: crates/iota/tests/ptb_files_tests.rs
expression: "results.join(\"\\n\")"
---
 === PREVIEW === 
╭────────────────────────────────────╮
│ PTB Preview                        │
├──────────────────┬─────────────────┤
│ command          │ values          │
├──────────────────┼─────────────────┤
│ split-coins      │ @0x5 [1000]     │
│ assign           │ result          │
│ transfer-objects │ [result.0] @0x6 │
╰──────────────────┴─────────────────╯
 === BUILT PTB === 
Input 0: SharedObject(mutable: true)
Input 1: Pure([232, 3, 0, 0, 0, 0, 0, 0])
Input 2: Pure([0, 0, 0, 0, 0, 0, 0, 0, 0, 0, 0, 0, 0, 0, 0, 0, 0, 0, 0, 0, 0, 0, 0, 0, 0, 0, 0, 0, 0, 0, 0, 6])
Command 0: Command: Split Coins
├── Coin: Input(0)
└── Amounts
    └── 0: Input(1)
Command 1: Command: Transfer Objects
├── Objects
│   └── 0: NestedResult(0, 0)
└── Address: Input(2)
