---
source: crates/move-package-alt/tests/test_runner.rs
---
DependencySet {
    inner: {
        "mainnet": {
            Identifier(
                "mock",
            ): Dependency {
                dep_info: Local(
                    LocalDepInfo {
                        local: "for_mainnet",
                    },
                ),
                use_environment: "mainnet",
                is_override: false,
                published_at: None,
                containing_file: "tests/data/external_basic/Move.toml",
            },
        },
    },
}
