---
source: external-crates/move/crates/move-transactional-test-runner/src/framework.rs
---
processed 2 tasks

task 1, lines 9-11:
//# publish
Error: Transaction Effects Status: Publish Error, Non-zero Address. The modules in the package must have their self-addresses set to zero.
Execution Error: PublishErrorNonZeroAddress: Publish Error, Non-zero Address. The modules in the package must have their self-addresses set to zero.; caused by: Publishing module M with non-zero address is not allowed; at command index: 0
