---
source: external-crates/move/crates/move-transactional-test-runner/src/framework.rs
---
processed 8 tasks

task 1, lines 9-103:
//# run-graphql
Response: {
  "data": {
    "transactionBlocks": {
      "nodes": [
        {
          "digest": "GRbuB7q5Sd2CGD3Gwiw9xWAr9Gxn1bCJMpggotaTPMi1",
          "sender": null,
          "signatures": [
            "AAAAAAAAAAAAAAAAAAAAAAAAAAAAAAAAAAAAAAAAAAAAAAAAAAAAAAAAAAAAAAAAAAAAAAAAAAAAAAAAAAAAAAAAAAAAAAAAAAAAAAAAAAAAAAAAAAAAAAAAAAAAAAAAAA=="
          ],
          "gasInput": {
            "gasSponsor": {
              "address": "0x0000000000000000000000000000000000000000000000000000000000000000"
            },
            "gasPayment": {
              "nodes": []
            },
            "gasPrice": "1",
            "gasBudget": "0"
          },
          "kind": {
            "__typename": "GenesisTransaction",
            "objects": {
              "edges": [
                {
                  "cursor": "eyJpIjowLCJjIjowfQ",
                  "node": {
                    "address": "0x0000000000000000000000000000000000000000000000000000000000000001",
                    "asMoveObject": null,
                    "asMovePackage": {
                      "modules": {
                        "edges": [
                          {
                            "cursor": "eyJuIjoiYWRkcmVzcyIsImMiOjB9",
                            "node": {
                              "name": "address"
                            }
                          },
                          {
                            "cursor": "eyJuIjoiYXNjaWkiLCJjIjowfQ",
                            "node": {
                              "name": "ascii"
                            }
                          },
                          {
                            "cursor": "eyJuIjoiYmNzIiwiYyI6MH0",
                            "node": {
                              "name": "bcs"
                            }
                          },
                          {
                            "cursor": "eyJuIjoiYml0X3ZlY3RvciIsImMiOjB9",
                            "node": {
                              "name": "bit_vector"
                            }
                          },
                          {
                            "cursor": "eyJuIjoiZGVidWciLCJjIjowfQ",
                            "node": {
                              "name": "debug"
                            }
                          },
                          {
                            "cursor": "eyJuIjoiZml4ZWRfcG9pbnQzMiIsImMiOjB9",
                            "node": {
                              "name": "fixed_point32"
                            }
                          },
                          {
                            "cursor": "eyJuIjoiaGFzaCIsImMiOjB9",
                            "node": {
                              "name": "hash"
                            }
                          },
                          {
                            "cursor": "eyJuIjoibWFjcm9zIiwiYyI6MH0",
                            "node": {
                              "name": "macros"
                            }
                          },
                          {
                            "cursor": "eyJuIjoib3B0aW9uIiwiYyI6MH0",
                            "node": {
                              "name": "option"
                            }
                          },
                          {
                            "cursor": "eyJuIjoic3RyaW5nIiwiYyI6MH0",
                            "node": {
                              "name": "string"
                            }
                          },
                          {
                            "cursor": "eyJuIjoidHlwZV9uYW1lIiwiYyI6MH0",
                            "node": {
                              "name": "type_name"
                            }
                          },
                          {
                            "cursor": "eyJuIjoidTEyOCIsImMiOjB9",
                            "node": {
                              "name": "u128"
                            }
                          },
                          {
                            "cursor": "eyJuIjoidTE2IiwiYyI6MH0",
                            "node": {
                              "name": "u16"
                            }
                          },
                          {
                            "cursor": "eyJuIjoidTI1NiIsImMiOjB9",
                            "node": {
                              "name": "u256"
                            }
                          },
                          {
                            "cursor": "eyJuIjoidTMyIiwiYyI6MH0",
                            "node": {
                              "name": "u32"
                            }
                          },
                          {
                            "cursor": "eyJuIjoidTY0IiwiYyI6MH0",
                            "node": {
                              "name": "u64"
                            }
                          },
                          {
                            "cursor": "eyJuIjoidTgiLCJjIjowfQ",
                            "node": {
                              "name": "u8"
                            }
                          },
                          {
                            "cursor": "eyJuIjoidXEzMl8zMiIsImMiOjB9",
                            "node": {
                              "name": "uq32_32"
                            }
                          },
                          {
                            "cursor": "eyJuIjoidXE2NF82NCIsImMiOjB9",
                            "node": {
                              "name": "uq64_64"
                            }
                          },
                          {
                            "cursor": "eyJuIjoidmVjdG9yIiwiYyI6MH0",
                            "node": {
                              "name": "vector"
                            }
                          }
                        ]
                      }
                    }
                  }
                },
                {
                  "cursor": "eyJpIjoxLCJjIjowfQ",
                  "node": {
                    "address": "0x0000000000000000000000000000000000000000000000000000000000000002",
                    "asMoveObject": null,
                    "asMovePackage": {
                      "modules": {
                        "edges": [
                          {
                            "cursor": "eyJuIjoiYWRkcmVzcyIsImMiOjB9",
                            "node": {
                              "name": "address"
                            }
                          },
                          {
                            "cursor": "eyJuIjoiYXV0aGVudGljYXRvcl9zdGF0ZSIsImMiOjB9",
                            "node": {
                              "name": "authenticator_state"
                            }
                          },
                          {
                            "cursor": "eyJuIjoiYmFnIiwiYyI6MH0",
                            "node": {
                              "name": "bag"
                            }
                          },
                          {
                            "cursor": "eyJuIjoiYmFsYW5jZSIsImMiOjB9",
                            "node": {
                              "name": "balance"
                            }
                          },
                          {
                            "cursor": "eyJuIjoiYmNzIiwiYyI6MH0",
                            "node": {
                              "name": "bcs"
                            }
                          },
                          {
                            "cursor": "eyJuIjoiYmxzMTIzODEiLCJjIjowfQ",
                            "node": {
                              "name": "bls12381"
                            }
                          },
                          {
                            "cursor": "eyJuIjoiYm9ycm93IiwiYyI6MH0",
                            "node": {
                              "name": "borrow"
                            }
                          },
                          {
                            "cursor": "eyJuIjoiY2xvY2siLCJjIjowfQ",
                            "node": {
                              "name": "clock"
                            }
                          },
                          {
                            "cursor": "eyJuIjoiY29pbiIsImMiOjB9",
                            "node": {
                              "name": "coin"
                            }
                          },
                          {
                            "cursor": "eyJuIjoiY29pbl9tYW5hZ2VyIiwiYyI6MH0",
                            "node": {
                              "name": "coin_manager"
                            }
                          },
                          {
                            "cursor": "eyJuIjoiY29uZmlnIiwiYyI6MH0",
                            "node": {
                              "name": "config"
                            }
                          },
                          {
                            "cursor": "eyJuIjoiZGVueV9saXN0IiwiYyI6MH0",
                            "node": {
                              "name": "deny_list"
                            }
                          },
                          {
                            "cursor": "eyJuIjoiZGlzcGxheSIsImMiOjB9",
                            "node": {
                              "name": "display"
                            }
                          },
                          {
                            "cursor": "eyJuIjoiZHluYW1pY19maWVsZCIsImMiOjB9",
                            "node": {
                              "name": "dynamic_field"
                            }
                          },
                          {
                            "cursor": "eyJuIjoiZHluYW1pY19vYmplY3RfZmllbGQiLCJjIjowfQ",
                            "node": {
                              "name": "dynamic_object_field"
                            }
                          },
                          {
                            "cursor": "eyJuIjoiZWNkc2FfazEiLCJjIjowfQ",
                            "node": {
                              "name": "ecdsa_k1"
                            }
                          },
                          {
                            "cursor": "eyJuIjoiZWNkc2FfcjEiLCJjIjowfQ",
                            "node": {
                              "name": "ecdsa_r1"
                            }
                          },
                          {
                            "cursor": "eyJuIjoiZWN2cmYiLCJjIjowfQ",
                            "node": {
                              "name": "ecvrf"
                            }
                          },
                          {
                            "cursor": "eyJuIjoiZWQyNTUxOSIsImMiOjB9",
                            "node": {
                              "name": "ed25519"
                            }
                          },
                          {
                            "cursor": "eyJuIjoiZXZlbnQiLCJjIjowfQ",
                            "node": {
                              "name": "event"
                            }
                          }
                        ]
                      }
                    }
                  }
                },
                {
                  "cursor": "eyJpIjoyLCJjIjowfQ",
                  "node": {
                    "address": "0x0000000000000000000000000000000000000000000000000000000000000003",
                    "asMoveObject": null,
                    "asMovePackage": {
                      "modules": {
                        "edges": [
                          {
                            "cursor": "eyJuIjoiZ2VuZXNpcyIsImMiOjB9",
                            "node": {
                              "name": "genesis"
                            }
                          },
                          {
                            "cursor": "eyJuIjoiaW90YV9zeXN0ZW0iLCJjIjowfQ",
                            "node": {
                              "name": "iota_system"
                            }
                          },
                          {
                            "cursor": "eyJuIjoiaW90YV9zeXN0ZW1fc3RhdGVfaW5uZXIiLCJjIjowfQ",
                            "node": {
                              "name": "iota_system_state_inner"
                            }
                          },
                          {
                            "cursor": "eyJuIjoic3Rha2luZ19wb29sIiwiYyI6MH0",
                            "node": {
                              "name": "staking_pool"
                            }
                          },
                          {
                            "cursor": "eyJuIjoic3RvcmFnZV9mdW5kIiwiYyI6MH0",
                            "node": {
                              "name": "storage_fund"
                            }
                          },
                          {
                            "cursor": "eyJuIjoidGltZWxvY2tlZF9zdGFraW5nIiwiYyI6MH0",
                            "node": {
                              "name": "timelocked_staking"
                            }
                          },
                          {
                            "cursor": "eyJuIjoidmFsaWRhdG9yIiwiYyI6MH0",
                            "node": {
                              "name": "validator"
                            }
                          },
                          {
                            "cursor": "eyJuIjoidmFsaWRhdG9yX2NhcCIsImMiOjB9",
                            "node": {
                              "name": "validator_cap"
                            }
                          },
                          {
                            "cursor": "eyJuIjoidmFsaWRhdG9yX3NldCIsImMiOjB9",
                            "node": {
                              "name": "validator_set"
                            }
                          },
                          {
                            "cursor": "eyJuIjoidmFsaWRhdG9yX3dyYXBwZXIiLCJjIjowfQ",
                            "node": {
                              "name": "validator_wrapper"
                            }
                          },
                          {
                            "cursor": "eyJuIjoidm90aW5nX3Bvd2VyIiwiYyI6MH0",
                            "node": {
                              "name": "voting_power"
                            }
                          }
                        ]
                      }
                    }
                  }
                },
                {
                  "cursor": "eyJpIjozLCJjIjowfQ",
                  "node": {
                    "address": "0x0000000000000000000000000000000000000000000000000000000000000005",
                    "asMoveObject": {
                      "contents": {
                        "type": {
                          "repr": "0x0000000000000000000000000000000000000000000000000000000000000003::iota_system::IotaSystemState"
                        },
                        "json": {
                          "id": "0x0000000000000000000000000000000000000000000000000000000000000005",
                          "version": "1"
                        }
                      }
                    },
                    "asMovePackage": null
                  }
                },
                {
                  "cursor": "eyJpIjo0LCJjIjowfQ",
                  "node": {
                    "address": "0x0000000000000000000000000000000000000000000000000000000000000006",
                    "asMoveObject": {
                      "contents": {
                        "type": {
                          "repr": "0x0000000000000000000000000000000000000000000000000000000000000002::clock::Clock"
                        },
                        "json": {
                          "id": "0x0000000000000000000000000000000000000000000000000000000000000006",
                          "timestamp_ms": "0"
                        }
                      }
                    },
                    "asMovePackage": null
                  }
                },
                {
                  "cursor": "eyJpIjo1LCJjIjowfQ",
                  "node": {
                    "address": "0x0000000000000000000000000000000000000000000000000000000000000008",
                    "asMoveObject": {
                      "contents": {
                        "type": {
                          "repr": "0x0000000000000000000000000000000000000000000000000000000000000002::random::Random"
                        },
                        "json": {
                          "id": "0x0000000000000000000000000000000000000000000000000000000000000008",
                          "inner": {
                            "id": "0x4766366bc2d2f43be227ae0666ecc6fa5b2cb73bddd4c3869650c39b0a7d0845",
                            "version": "1"
                          }
                        }
                      }
                    },
                    "asMovePackage": null
                  }
                },
                {
                  "cursor": "eyJpIjo2LCJjIjowfQ",
                  "node": {
                    "address": "0x0000000000000000000000000000000000000000000000000000000000000403",
                    "asMoveObject": {
                      "contents": {
                        "type": {
                          "repr": "0x0000000000000000000000000000000000000000000000000000000000000002::deny_list::DenyList"
                        },
                        "json": {
                          "id": "0x0000000000000000000000000000000000000000000000000000000000000403",
                          "lists": {
                            "id": "0xec37f71cc127157d5f94a26a147c641756251e9ec74fbd8b22ce5019325c09ff",
                            "size": "0"
                          }
                        }
                      }
                    },
                    "asMovePackage": null
                  }
                },
                {
                  "cursor": "eyJpIjo3LCJjIjowfQ",
                  "node": {
                    "address": "0x000000000000000000000000000000000000000000000000000000000000107a",
                    "asMoveObject": null,
                    "asMovePackage": {
                      "modules": {
                        "edges": [
                          {
                            "cursor": "eyJuIjoiYWRkcmVzc191bmxvY2tfY29uZGl0aW9uIiwiYyI6MH0",
                            "node": {
                              "name": "address_unlock_condition"
                            }
                          },
                          {
                            "cursor": "eyJuIjoiYWxpYXMiLCJjIjowfQ",
                            "node": {
                              "name": "alias"
                            }
                          },
                          {
                            "cursor": "eyJuIjoiYWxpYXNfb3V0cHV0IiwiYyI6MH0",
                            "node": {
                              "name": "alias_output"
                            }
                          },
                          {
                            "cursor": "eyJuIjoiYmFzaWNfb3V0cHV0IiwiYyI6MH0",
                            "node": {
                              "name": "basic_output"
                            }
                          },
                          {
                            "cursor": "eyJuIjoiZXhwaXJhdGlvbl91bmxvY2tfY29uZGl0aW9uIiwiYyI6MH0",
                            "node": {
                              "name": "expiration_unlock_condition"
                            }
                          },
                          {
                            "cursor": "eyJuIjoiaXJjMjciLCJjIjowfQ",
                            "node": {
                              "name": "irc27"
                            }
                          },
                          {
                            "cursor": "eyJuIjoibmZ0IiwiYyI6MH0",
                            "node": {
                              "name": "nft"
                            }
                          },
                          {
                            "cursor": "eyJuIjoibmZ0X291dHB1dCIsImMiOjB9",
                            "node": {
                              "name": "nft_output"
                            }
                          },
                          {
                            "cursor": "eyJuIjoic3RhcmR1c3RfdXBncmFkZV9sYWJlbCIsImMiOjB9",
                            "node": {
                              "name": "stardust_upgrade_label"
                            }
                          },
                          {
                            "cursor": "eyJuIjoic3RvcmFnZV9kZXBvc2l0X3JldHVybl91bmxvY2tfY29uZGl0aW9uIiwiYyI6MH0",
                            "node": {
                              "name": "storage_deposit_return_unlock_condition"
                            }
                          },
                          {
                            "cursor": "eyJuIjoidGltZWxvY2tfdW5sb2NrX2NvbmRpdGlvbiIsImMiOjB9",
                            "node": {
                              "name": "timelock_unlock_condition"
                            }
                          },
                          {
                            "cursor": "eyJuIjoidXRpbGl0aWVzIiwiYyI6MH0",
                            "node": {
                              "name": "utilities"
                            }
                          }
                        ]
                      }
                    }
                  }
                },
                {
                  "cursor": "eyJpIjo4LCJjIjowfQ",
                  "node": {
                    "address": "0x1dbe282946e1e4a33e7539c7e382057d80e693db19de79de627185392473b71d",
                    "asMoveObject": {
                      "contents": {
                        "type": {
                          "repr": "0x0000000000000000000000000000000000000000000000000000000000000002::display::Display<0x000000000000000000000000000000000000000000000000000000000000107a::nft::Nft>"
                        },
                        "json": {
                          "id": "0x1dbe282946e1e4a33e7539c7e382057d80e693db19de79de627185392473b71d",
                          "fields": {
                            "contents": [
                              {
                                "key": "name",
                                "value": "{immutable_metadata.name}"
                              },
                              {
                                "key": "image_url",
                                "value": "{immutable_metadata.uri}"
                              },
                              {
                                "key": "description",
                                "value": "{immutable_metadata.description}"
                              },
                              {
                                "key": "creator",
                                "value": "{immutable_metadata.issuer_name}"
                              },
                              {
                                "key": "version",
                                "value": "{immutable_metadata.version}"
                              },
                              {
                                "key": "media_type",
                                "value": "{immutable_metadata.media_type}"
                              },
                              {
                                "key": "collection_name",
                                "value": "{immutable_metadata.collection_name}"
                              },
                              {
                                "key": "immutable_issuer",
                                "value": "{immutable_issuer}"
                              }
                            ]
                          },
                          "version": 1
                        }
                      }
                    },
                    "asMovePackage": null
                  }
                },
                {
                  "cursor": "eyJpIjo5LCJjIjowfQ",
                  "node": {
                    "address": "0x296e1540eb131ae28b23bb3a10d3ca444fdbb4e8e53b35150b666b3e52b3f016",
                    "asMoveObject": {
                      "contents": {
                        "type": {
                          "repr": "0x0000000000000000000000000000000000000000000000000000000000000002::coin::Coin<0x0000000000000000000000000000000000000000000000000000000000000002::iota::IOTA>"
                        },
                        "json": {
                          "id": "0x296e1540eb131ae28b23bb3a10d3ca444fdbb4e8e53b35150b666b3e52b3f016",
                          "balance": {
                            "value": "300000000000000"
                          }
                        }
                      }
                    },
                    "asMovePackage": null
                  }
                },
                {
                  "cursor": "eyJpIjoxMCwiYyI6MH0",
                  "node": {
                    "address": "0x4594355c2e8b49277e99fdf48db2baf5f9f2270746ad7566eb6dd4b36ac3724b",
                    "asMoveObject": {
                      "contents": {
                        "type": {
                          "repr": "0x0000000000000000000000000000000000000000000000000000000000000002::coin::Coin<0x0000000000000000000000000000000000000000000000000000000000000002::iota::IOTA>"
                        },
                        "json": {
                          "id": "0x4594355c2e8b49277e99fdf48db2baf5f9f2270746ad7566eb6dd4b36ac3724b",
                          "balance": {
                            "value": "30000000000000000"
                          }
                        }
                      }
                    },
                    "asMovePackage": null
                  }
                },
                {
                  "cursor": "eyJpIjoxMSwiYyI6MH0",
                  "node": {
                    "address": "0x4d6be01a40682067cc2408e51fb1230d32c8f5c9ae295cdac8da534bc214f817",
                    "asMoveObject": {
                      "contents": {
                        "type": {
                          "repr": "0x0000000000000000000000000000000000000000000000000000000000000002::dynamic_field::Field<0x0000000000000000000000000000000000000000000000000000000000000002::object::ID,address>"
                        },
                        "json": {
                          "id": "0x4d6be01a40682067cc2408e51fb1230d32c8f5c9ae295cdac8da534bc214f817",
                          "name": "0xd1880d72ce69647b44e7e8848eedd6189ad39c1fafce9d9d1671ebc2544e76e4",
                          "value": "0x28f02a953f3553f51a9365593c7d4bd0643d2085f004b18c6ca9de51682b2c80"
                        }
                      }
                    },
                    "asMovePackage": null
                  }
                },
                {
                  "cursor": "eyJpIjoxMiwiYyI6MH0",
                  "node": {
                    "address": "0x5c19c9a9f203f75ecf86b068faf40f3d18a226f9a586d088702550f8b83d5aac",
                    "asMoveObject": {
                      "contents": {
                        "type": {
                          "repr": "0x0000000000000000000000000000000000000000000000000000000000000003::validator_cap::UnverifiedValidatorOperationCap"
                        },
                        "json": {
                          "id": "0x5c19c9a9f203f75ecf86b068faf40f3d18a226f9a586d088702550f8b83d5aac",
                          "authorizer_validator_address": "0x28f02a953f3553f51a9365593c7d4bd0643d2085f004b18c6ca9de51682b2c80"
                        }
                      }
                    },
                    "asMovePackage": null
                  }
                },
                {
                  "cursor": "eyJpIjoxMywiYyI6MH0",
                  "node": {
                    "address": "0x6af2a2b7ca60bf76174adfd3e9c4957f8e937759603182f9b46c7f6c5f19c6d2",
                    "asMoveObject": {
                      "contents": {
                        "type": {
                          "repr": "0x0000000000000000000000000000000000000000000000000000000000000002::dynamic_field::Field<u64,0x0000000000000000000000000000000000000000000000000000000000000003::iota_system_state_inner::IotaSystemStateV1>"
                        },
                        "json": {
                          "id": "0x6af2a2b7ca60bf76174adfd3e9c4957f8e937759603182f9b46c7f6c5f19c6d2",
                          "name": "1",
                          "value": {
                            "epoch": "0",
                            "protocol_version": "12",
                            "system_state_version": "1",
                            "iota_treasury_cap": {
                              "inner": {
                                "id": "0xc337dd3b4abf1f601802703b68f5e9067e01a265393c4c7fba6b9574c4ac89f3",
                                "total_supply": {
                                  "value": "31800000000000000"
                                }
                              }
                            },
                            "validators": {
                              "total_stake": "1500000000000000",
                              "active_validators": [
                                {
                                  "metadata": {
                                    "iota_address": "0x28f02a953f3553f51a9365593c7d4bd0643d2085f004b18c6ca9de51682b2c80",
                                    "authority_pubkey_bytes": [
                                      168,
                                      10,
                                      113,
                                      148,
                                      146,
                                      18,
                                      4,
                                      206,
                                      160,
                                      17,
                                      65,
                                      3,
                                      192,
                                      72,
                                      69,
                                      3,
                                      34,
                                      62,
                                      177,
                                      119,
                                      149,
                                      119,
                                      28,
                                      226,
                                      120,
                                      84,
                                      208,
                                      34,
                                      33,
                                      221,
                                      215,
                                      26,
                                      19,
                                      43,
                                      135,
                                      198,
                                      111,
                                      189,
                                      25,
                                      213,
                                      111,
                                      170,
                                      66,
                                      24,
                                      110,
                                      12,
                                      78,
                                      20,
                                      10,
                                      27,
                                      128,
                                      57,
                                      246,
                                      144,
                                      114,
                                      82,
                                      79,
                                      96,
                                      215,
                                      59,
                                      240,
                                      247,
                                      211,
                                      18,
                                      143,
                                      1,
                                      109,
                                      137,
                                      179,
                                      82,
                                      215,
                                      118,
                                      63,
                                      135,
                                      18,
                                      31,
                                      123,
                                      40,
                                      235,
                                      25,
                                      153,
                                      189,
                                      81,
                                      129,
                                      128,
                                      219,
                                      99,
                                      215,
                                      146,
                                      145,
                                      113,
                                      132,
                                      99,
                                      76,
                                      126,
                                      246
                                    ],
                                    "network_pubkey_bytes": [
                                      222,
                                      193,
                                      56,
                                      253,
                                      223,
                                      140,
                                      108,
                                      228,
                                      161,
                                      246,
                                      151,
                                      172,
                                      42,
                                      190,
                                      219,
                                      243,
                                      212,
                                      210,
                                      59,
                                      152,
                                      5,
                                      6,
                                      236,
                                      134,
                                      82,
                                      53,
                                      90,
                                      224,
                                      105,
                                      93,
                                      152,
                                      85
                                    ],
                                    "protocol_pubkey_bytes": [
                                      172,
                                      116,
                                      152,
                                      220,
                                      228,
                                      127,
                                      173,
                                      148,
                                      84,
                                      44,
                                      112,
                                      162,
                                      74,
                                      125,
                                      50,
                                      95,
                                      124,
                                      147,
                                      55,
                                      36,
                                      241,
                                      143,
                                      223,
                                      60,
                                      129,
                                      224,
                                      221,
                                      102,
                                      15,
                                      35,
                                      217,
                                      101
                                    ],
                                    "proof_of_possession": [
                                      146,
                                      189,
                                      89,
                                      74,
                                      29,
                                      175,
                                      203,
                                      128,
                                      64,
                                      181,
                                      156,
                                      97,
                                      250,
                                      67,
                                      71,
                                      1,
                                      183,
                                      54,
                                      131,
                                      205,
                                      9,
                                      153,
                                      183,
                                      92,
                                      197,
                                      160,
                                      192,
                                      111,
                                      216,
                                      8,
                                      35,
                                      211,
                                      26,
                                      222,
                                      255,
                                      142,
                                      137,
                                      6,
                                      130,
                                      140,
                                      153,
                                      155,
                                      252,
                                      79,
                                      139,
                                      240,
                                      222,
                                      153
                                    ],
                                    "name": "validator-0",
                                    "description": "",
                                    "image_url": {
                                      "url": ""
                                    },
                                    "project_url": {
                                      "url": ""
                                    },
                                    "net_address": "/ip4/127.0.0.1/tcp/8000/http",
                                    "p2p_address": "/ip4/127.0.0.1/udp/8001/http",
                                    "primary_address": "/ip4/127.0.0.1/udp/8003/http",
                                    "next_epoch_authority_pubkey_bytes": null,
                                    "next_epoch_proof_of_possession": null,
                                    "next_epoch_network_pubkey_bytes": null,
                                    "next_epoch_protocol_pubkey_bytes": null,
                                    "next_epoch_net_address": null,
                                    "next_epoch_p2p_address": null,
                                    "next_epoch_primary_address": null,
                                    "extra_fields": {
                                      "id": "0x751e4feaa13f422e62727fc0034344f792ed233939b8d363c9a038142fe0f240",
                                      "size": "0"
                                    }
                                  },
                                  "voting_power": "10000",
                                  "operation_cap_id": "0x5c19c9a9f203f75ecf86b068faf40f3d18a226f9a586d088702550f8b83d5aac",
                                  "gas_price": "1000",
                                  "staking_pool": {
                                    "id": "0xd1880d72ce69647b44e7e8848eedd6189ad39c1fafce9d9d1671ebc2544e76e4",
                                    "activation_epoch": "0",
                                    "deactivation_epoch": null,
                                    "iota_balance": "1500000000000000",
                                    "rewards_pool": {
                                      "value": "0"
                                    },
                                    "pool_token_balance": "1500000000000000",
                                    "exchange_rates": {
                                      "id": "0x3765b75167742f707a37d1ba69b16e778a9ae33d1d48facf294539e53ee21878",
                                      "size": "1"
                                    },
                                    "pending_stake": "0",
                                    "pending_total_iota_withdraw": "0",
                                    "pending_pool_token_withdraw": "0",
                                    "extra_fields": {
                                      "id": "0xb12e63eabf277bad7979450ee5f0e1b93add3f1cf7755dc0b74cd4862106e399",
                                      "size": "0"
                                    }
                                  },
                                  "commission_rate": "200",
                                  "next_epoch_stake": "1500000000000000",
                                  "next_epoch_gas_price": "1000",
                                  "next_epoch_commission_rate": "200",
                                  "extra_fields": {
                                    "id": "0x252bfcfe93d078b19fd6e5bd09119d74bd8316dcedd7d1f7319ee131622f1968",
                                    "size": "0"
                                  }
                                }
                              ],
                              "pending_active_validators": {
                                "contents": {
                                  "id": "0xd6cf5252ba19e65ba2a91800f2de47b2f2f5a8bc740d7a339fafc3ee97aa30ae",
                                  "size": "0"
                                }
                              },
                              "pending_removals": [],
                              "staking_pool_mappings": {
                                "id": "0xb9b94ee1cda72e06db75c5d2db3c2773ff6b02c9e9863612570fcdef4ae4365b",
                                "size": "1"
                              },
                              "inactive_validators": {
                                "id": "0x20d98b6406e0cd67df460b5dd100cd37bab863112a53e03f5af7b8bc46e62baa",
                                "size": "0"
                              },
                              "validator_candidates": {
                                "id": "0x6432c4ab9a33e47a86b3f93ffaeceaf6df00ed8560459e61c6c191a18eb4b2e8",
                                "size": "0"
                              },
                              "at_risk_validators": {
                                "contents": []
                              },
                              "extra_fields": {
                                "id": "0xdec5995e7b1dca77987a5b4145fde688ed8f49ed0777011d719bc9a7137f2115",
                                "size": "0"
                              }
                            },
                            "storage_fund": {
                              "total_object_storage_rebates": {
                                "value": "0"
                              },
                              "non_refundable_balance": {
                                "value": "0"
                              }
                            },
                            "parameters": {
                              "epoch_duration_ms": "86400000",
                              "min_validator_count": "4",
                              "max_validator_count": "150",
                              "min_validator_joining_stake": "2000000000000000",
                              "validator_low_stake_threshold": "1500000000000000",
                              "validator_very_low_stake_threshold": "1000000000000000",
                              "validator_low_stake_grace_period": "7",
                              "extra_fields": {
                                "id": "0x889f135ac4f170e2f59fe6056bb0c71cba60e4c95b92d3e4d8b5b00b0aed475e",
                                "size": "0"
                              }
                            },
                            "iota_system_admin_cap": {
                              "dummy_field": false
                            },
                            "reference_gas_price": "1000",
                            "validator_report_records": {
                              "contents": []
                            },
                            "safe_mode": false,
                            "safe_mode_storage_charges": {
                              "value": "0"
                            },
                            "safe_mode_computation_rewards": {
                              "value": "0"
                            },
                            "safe_mode_storage_rebates": "0",
                            "safe_mode_non_refundable_storage_fee": "0",
                            "epoch_start_timestamp_ms": "0",
                            "extra_fields": {
                              "id": "0x2581105d1b3777a2465d53d06e6ccedd85726f0b1c8ee254c382c915bec492fa",
                              "size": "0"
                            }
                          }
                        }
                      }
                    },
                    "asMovePackage": null
                  }
                },
                {
                  "cursor": "eyJpIjoxNCwiYyI6MH0",
                  "node": {
                    "address": "0x97320a55db8ccacf6f1b624835b7072b77fb5db21bf72f3c13e0ff45526fed83",
                    "asMoveObject": {
                      "contents": {
                        "type": {
                          "repr": "0x0000000000000000000000000000000000000000000000000000000000000002::dynamic_field::Field<u64,0x0000000000000000000000000000000000000000000000000000000000000002::random::RandomInner>"
                        },
                        "json": {
                          "id": "0x97320a55db8ccacf6f1b624835b7072b77fb5db21bf72f3c13e0ff45526fed83",
                          "name": "1",
                          "value": {
                            "version": "1",
                            "epoch": "0",
                            "randomness_round": "0",
                            "random_bytes": []
                          }
                        }
                      }
                    },
                    "asMovePackage": null
                  }
                },
                {
                  "cursor": "eyJpIjoxNSwiYyI6MH0",
                  "node": {
                    "address": "0xbbe15403274cd87c38b6b7c7b5d9b3bdad98311ea8b62c242a13ed913797f6cf",
                    "asMoveObject": {
                      "contents": {
                        "type": {
                          "repr": "0x0000000000000000000000000000000000000000000000000000000000000003::staking_pool::StakedIota"
                        },
                        "json": {
                          "id": "0xbbe15403274cd87c38b6b7c7b5d9b3bdad98311ea8b62c242a13ed913797f6cf",
                          "pool_id": "0xd1880d72ce69647b44e7e8848eedd6189ad39c1fafce9d9d1671ebc2544e76e4",
                          "stake_activation_epoch": "0",
                          "principal": {
                            "value": "1500000000000000"
                          }
                        }
                      }
                    },
                    "asMovePackage": null
                  }
                },
                {
                  "cursor": "eyJpIjoxNiwiYyI6MH0",
                  "node": {
                    "address": "0xf8743c01b17916ccefb082db72a80773dd3eb42b396909f999fc98d5fffb0075",
                    "asMoveObject": {
                      "contents": {
                        "type": {
                          "repr": "0x0000000000000000000000000000000000000000000000000000000000000002::dynamic_field::Field<u64,0x0000000000000000000000000000000000000000000000000000000000000003::staking_pool::PoolTokenExchangeRate>"
                        },
                        "json": {
                          "id": "0xf8743c01b17916ccefb082db72a80773dd3eb42b396909f999fc98d5fffb0075",
                          "name": "0",
                          "value": {
                            "iota_amount": "0",
                            "pool_token_amount": "0"
                          }
                        }
                      }
                    },
                    "asMovePackage": null
                  }
                },
                {
                  "cursor": "eyJpIjoxNywiYyI6MH0",
                  "node": {
                    "address": "0xf8fd00d82774b7228ea622a7eb6403e3effbff105da26d4b63e58b70a6a097fa",
                    "asMoveObject": {
                      "contents": {
                        "type": {
                          "repr": "0x0000000000000000000000000000000000000000000000000000000000000002::coin::CoinMetadata<0x0000000000000000000000000000000000000000000000000000000000000002::iota::IOTA>"
                        },
                        "json": {
                          "id": "0xf8fd00d82774b7228ea622a7eb6403e3effbff105da26d4b63e58b70a6a097fa",
                          "decimals": 9,
                          "name": "IOTA",
                          "symbol": "IOTA",
                          "description": "The main (gas)token of the IOTA Network.",
                          "icon_url": {
                            "url": "https://iota.org/logo.png"
                          }
                        }
                      }
                    },
                    "asMovePackage": null
                  }
                }
              ]
            }
          },
          "effects": {
            "status": "SUCCESS",
            "errors": null,
            "lamportVersion": 1,
            "dependencies": {
              "nodes": []
            },
            "balanceChanges": {
              "nodes": [
                {
                  "owner": {
                    "address": "0x28f02a953f3553f51a9365593c7d4bd0643d2085f004b18c6ca9de51682b2c80"
                  },
                  "amount": "30000000000000000",
                  "coinType": {
                    "repr": "0x0000000000000000000000000000000000000000000000000000000000000002::iota::IOTA"
                  }
                },
                {
                  "owner": {
                    "address": "0x8cca4e1ce0ba5904cea61df9242da2f7d29e3ef328fb7ec07c086b3bf47ca61a"
                  },
                  "amount": "300000000000000",
                  "coinType": {
                    "repr": "0x0000000000000000000000000000000000000000000000000000000000000002::iota::IOTA"
                  }
                }
              ]
            },
            "objectChanges": {
              "nodes": [
                {
                  "address": "0x0000000000000000000000000000000000000000000000000000000000000001",
                  "idCreated": true,
                  "idDeleted": false,
                  "outputState": {
                    "address": "0x0000000000000000000000000000000000000000000000000000000000000001",
                    "digest": "BtTfg4TL8dSDostHqZmb2274MfRDzsYDAc97Sj71ZKvB"
                  }
                },
                {
                  "address": "0x0000000000000000000000000000000000000000000000000000000000000002",
                  "idCreated": true,
                  "idDeleted": false,
                  "outputState": {
                    "address": "0x0000000000000000000000000000000000000000000000000000000000000002",
                    "digest": "t1ir7FgDd95JUNU7pfKUQoW5zecntkSFEZYVo19XMhK"
                  }
                },
                {
                  "address": "0x0000000000000000000000000000000000000000000000000000000000000003",
                  "idCreated": true,
                  "idDeleted": false,
                  "outputState": {
                    "address": "0x0000000000000000000000000000000000000000000000000000000000000003",
                    "digest": "AF4xLUEiyfBUQqRupZGkvnoReawae1GgjRtkJXdKihwF"
                  }
                },
                {
                  "address": "0x0000000000000000000000000000000000000000000000000000000000000005",
                  "idCreated": true,
                  "idDeleted": false,
                  "outputState": {
                    "address": "0x0000000000000000000000000000000000000000000000000000000000000005",
                    "digest": "57bqDXukz3nGkhhZSNwdyn2GVMkJjPBSiPDaNJ9fSPN9"
                  }
                },
                {
                  "address": "0x0000000000000000000000000000000000000000000000000000000000000006",
                  "idCreated": true,
                  "idDeleted": false,
                  "outputState": {
                    "address": "0x0000000000000000000000000000000000000000000000000000000000000006",
                    "digest": "F81gM8womx8qL5UmQG82UZF1TgFjAuCHUa7PTdWJXuZ"
                  }
                },
                {
                  "address": "0x0000000000000000000000000000000000000000000000000000000000000008",
                  "idCreated": true,
                  "idDeleted": false,
                  "outputState": {
                    "address": "0x0000000000000000000000000000000000000000000000000000000000000008",
                    "digest": "34my9ebxs941noM3jycMShcUNugDDDqMktWBg3siRPtW"
                  }
                },
                {
                  "address": "0x0000000000000000000000000000000000000000000000000000000000000403",
                  "idCreated": true,
                  "idDeleted": false,
                  "outputState": {
                    "address": "0x0000000000000000000000000000000000000000000000000000000000000403",
                    "digest": "BRodyMpeY3Y6cNeYYxvTWv45nbMZReWRHhHHXfY2Udkd"
                  }
                },
                {
                  "address": "0x000000000000000000000000000000000000000000000000000000000000107a",
                  "idCreated": true,
                  "idDeleted": false,
                  "outputState": {
                    "address": "0x000000000000000000000000000000000000000000000000000000000000107a",
                    "digest": "378WZdeE4FdWqVovLCwmcNBX9HWakqox6rSoSgbNpaoj"
                  }
                },
                {
                  "address": "0x1dbe282946e1e4a33e7539c7e382057d80e693db19de79de627185392473b71d",
                  "idCreated": true,
                  "idDeleted": false,
                  "outputState": {
                    "address": "0x1dbe282946e1e4a33e7539c7e382057d80e693db19de79de627185392473b71d",
                    "digest": "3eHx79t1fsxSS6JDhyvAE17LTfskY58AERKjxuNEnju2"
                  }
                },
                {
                  "address": "0x296e1540eb131ae28b23bb3a10d3ca444fdbb4e8e53b35150b666b3e52b3f016",
                  "idCreated": true,
                  "idDeleted": false,
                  "outputState": {
                    "address": "0x296e1540eb131ae28b23bb3a10d3ca444fdbb4e8e53b35150b666b3e52b3f016",
                    "digest": "ABCQbqXDNgvZe3VobctotKCqLgafk6XH788Q9Vf7tUVL"
                  }
                },
                {
                  "address": "0x4594355c2e8b49277e99fdf48db2baf5f9f2270746ad7566eb6dd4b36ac3724b",
                  "idCreated": true,
                  "idDeleted": false,
                  "outputState": {
                    "address": "0x4594355c2e8b49277e99fdf48db2baf5f9f2270746ad7566eb6dd4b36ac3724b",
                    "digest": "EfZzXCF9LZ7eHR2HwcLX7pi2PBd9LzuNHoFxLrhsPAKc"
                  }
                },
                {
                  "address": "0x4d6be01a40682067cc2408e51fb1230d32c8f5c9ae295cdac8da534bc214f817",
                  "idCreated": true,
                  "idDeleted": false,
                  "outputState": {
                    "address": "0x4d6be01a40682067cc2408e51fb1230d32c8f5c9ae295cdac8da534bc214f817",
                    "digest": "8w8G287iNsbofzGSWJuiy2T2H7wwn8sebDbzBaJTKbJy"
                  }
                },
                {
                  "address": "0x5c19c9a9f203f75ecf86b068faf40f3d18a226f9a586d088702550f8b83d5aac",
                  "idCreated": true,
                  "idDeleted": false,
                  "outputState": {
                    "address": "0x5c19c9a9f203f75ecf86b068faf40f3d18a226f9a586d088702550f8b83d5aac",
                    "digest": "6jmzjABDqAavG1Ykixjn7FWuUJysE4XVW5Rv7GDjfbSt"
                  }
                },
                {
                  "address": "0x6af2a2b7ca60bf76174adfd3e9c4957f8e937759603182f9b46c7f6c5f19c6d2",
                  "idCreated": true,
                  "idDeleted": false,
                  "outputState": {
                    "address": "0x6af2a2b7ca60bf76174adfd3e9c4957f8e937759603182f9b46c7f6c5f19c6d2",
                    "digest": "FFbCyCt2KuhgAsMwHgL1er8UYAjsPZheinc84pxymKjp"
                  }
                },
                {
                  "address": "0x97320a55db8ccacf6f1b624835b7072b77fb5db21bf72f3c13e0ff45526fed83",
                  "idCreated": true,
                  "idDeleted": false,
                  "outputState": {
                    "address": "0x97320a55db8ccacf6f1b624835b7072b77fb5db21bf72f3c13e0ff45526fed83",
                    "digest": "HuY9JuUmVZ1g6ozZNmHw5yha63suQEdWqWYfeeYq8214"
                  }
                },
                {
                  "address": "0xbbe15403274cd87c38b6b7c7b5d9b3bdad98311ea8b62c242a13ed913797f6cf",
                  "idCreated": true,
                  "idDeleted": false,
                  "outputState": {
                    "address": "0xbbe15403274cd87c38b6b7c7b5d9b3bdad98311ea8b62c242a13ed913797f6cf",
                    "digest": "3fqkD6mQeKXjtWxhjW32KVTteY36qzQvrdDYtZ22iDP2"
                  }
                },
                {
                  "address": "0xf8743c01b17916ccefb082db72a80773dd3eb42b396909f999fc98d5fffb0075",
                  "idCreated": true,
                  "idDeleted": false,
                  "outputState": {
                    "address": "0xf8743c01b17916ccefb082db72a80773dd3eb42b396909f999fc98d5fffb0075",
                    "digest": "DUeoTVQhoCYHs5pMiAk9dk8Lh2dA4eLeqAyqg8jFm1Fq"
                  }
                },
                {
                  "address": "0xf8fd00d82774b7228ea622a7eb6403e3effbff105da26d4b63e58b70a6a097fa",
                  "idCreated": true,
                  "idDeleted": false,
                  "outputState": {
                    "address": "0xf8fd00d82774b7228ea622a7eb6403e3effbff105da26d4b63e58b70a6a097fa",
                    "digest": "3m8Bhwxg73kKsKzs3DDuuuWbqWLb6CDuFU5hQzB7zVhb"
                  }
                }
              ]
            },
            "gasEffects": {
              "gasObject": null,
              "gasSummary": {
                "computationCost": "0",
                "storageCost": "0",
                "storageRebate": "0",
                "nonRefundableStorageFee": "0"
              }
            },
            "timestamp": "1970-01-01T00:00:00Z",
            "epoch": {
              "epochId": 0
            },
            "checkpoint": {
              "sequenceNumber": 0
            },
            "transactionBlock": {
              "digest": "GRbuB7q5Sd2CGD3Gwiw9xWAr9Gxn1bCJMpggotaTPMi1"
            }
          },
          "expiration": null
        }
      ]
    }
  }
}

task 3, line 107:
//# create-checkpoint
Checkpoint created: 1

task 4, lines 109-184:
//# run-graphql
Response: {
  "data": {
    "transactionBlocks": {
      "nodes": [
        {
          "digest": "83hbgTuUUsGBjrUDigjrfebf2U8Ue1gBFGL87mzYe2fK",
          "sender": null,
          "signatures": [
            "AAAAAAAAAAAAAAAAAAAAAAAAAAAAAAAAAAAAAAAAAAAAAAAAAAAAAAAAAAAAAAAAAAAAAAAAAAAAAAAAAAAAAAAAAAAAAAAAAAAAAAAAAAAAAAAAAAAAAAAAAAAAAAAAAA=="
          ],
          "gasInput": {
            "gasSponsor": {
              "address": "0x0000000000000000000000000000000000000000000000000000000000000000"
            },
            "gasPayment": {
              "nodes": []
            },
            "gasPrice": "1",
            "gasBudget": "0"
          },
          "kind": {
            "__typename": "ConsensusCommitPrologueTransaction",
            "epoch": {
              "epochId": 0
            },
            "round": 0,
            "commitTimestamp": "1970-01-01T00:00:42Z",
            "consensusCommitDigest": "11111111111111111111111111111111"
          },
          "effects": {
            "status": "SUCCESS",
            "errors": null,
            "lamportVersion": 2,
            "dependencies": {
              "nodes": [
                {
                  "digest": "GRbuB7q5Sd2CGD3Gwiw9xWAr9Gxn1bCJMpggotaTPMi1"
                }
              ]
            },
            "balanceChanges": {
              "nodes": []
            },
            "objectChanges": {
              "nodes": [
                {
                  "address": "0x0000000000000000000000000000000000000000000000000000000000000006",
                  "idCreated": false,
                  "idDeleted": false,
                  "outputState": {
                    "address": "0x0000000000000000000000000000000000000000000000000000000000000006",
                    "digest": "FQsvyRc9HAiReCY3aNX4CwyAZujqeWGhZDYddNsuL8NT"
                  }
                }
              ]
            },
            "gasEffects": {
              "gasObject": null,
              "gasSummary": {
                "computationCost": "0",
                "storageCost": "0",
                "storageRebate": "0",
                "nonRefundableStorageFee": "0"
              }
            },
            "timestamp": "1970-01-01T00:00:42Z",
            "epoch": {
              "epochId": 0
            },
            "checkpoint": {
              "sequenceNumber": 1
            },
            "transactionBlock": {
              "digest": "83hbgTuUUsGBjrUDigjrfebf2U8Ue1gBFGL87mzYe2fK"
            }
          },
          "expiration": null
        }
      ]
    }
  }
}

task 6, line 188:
//# advance-epoch
Epoch advanced: 0

task 7, lines 190-277:
//# run-graphql
Response: {
  "data": {
    "transactionBlocks": {
      "nodes": [
        {
          "digest": "HJr1qepYjE5yAMpJJpenwvraYrCM3UM8MWHZ2B8iYXkL",
          "sender": null,
          "signatures": [
            "AAAAAAAAAAAAAAAAAAAAAAAAAAAAAAAAAAAAAAAAAAAAAAAAAAAAAAAAAAAAAAAAAAAAAAAAAAAAAAAAAAAAAAAAAAAAAAAAAAAAAAAAAAAAAAAAAAAAAAAAAAAAAAAAAA=="
          ],
          "gasInput": {
            "gasSponsor": {
              "address": "0x0000000000000000000000000000000000000000000000000000000000000000"
            },
            "gasPayment": {
              "nodes": []
            },
            "gasPrice": "1",
            "gasBudget": "0"
          },
          "kind": {
            "__typename": "EndOfEpochTransaction",
            "transactions": {
              "edges": [
                {
                  "cursor": "eyJpIjowLCJjIjoyfQ",
                  "node": {
                    "__typename": "ChangeEpochTransactionV3"
                  }
                }
              ]
            }
          },
          "effects": {
            "status": "SUCCESS",
            "errors": null,
            "lamportVersion": 2,
            "dependencies": {
              "nodes": [
                {
                  "digest": "GRbuB7q5Sd2CGD3Gwiw9xWAr9Gxn1bCJMpggotaTPMi1"
                }
              ]
            },
            "balanceChanges": {
              "nodes": []
            },
            "objectChanges": {
              "nodes": [
                {
                  "address": "0x0000000000000000000000000000000000000000000000000000000000000005",
                  "idCreated": false,
                  "idDeleted": false,
                  "outputState": {
                    "address": "0x0000000000000000000000000000000000000000000000000000000000000005",
                    "digest": "D3JZ5AZKf9nBd521Ts9QdjtaQPAAYYCAojBFsndKQvg3"
                  }
                },
                {
                  "address": "0x2ee07642e0cd717c69825d420e4a039934ca2296bf4727d6e30ecc77a26a99b6",
                  "idCreated": true,
                  "idDeleted": false,
                  "outputState": {
                    "address": "0x2ee07642e0cd717c69825d420e4a039934ca2296bf4727d6e30ecc77a26a99b6",
                    "digest": "5Xmom3Y2YviqPgydeWS2Vvm7PtWR8EYtrbVJu7WXfbYj"
                  }
                },
                {
                  "address": "0x5b890eaf2abcfa2ab90b77b8e6f3d5d8609586c3e583baf3dccd5af17edf48d1",
                  "idCreated": true,
                  "idDeleted": false,
                  "outputState": {
                    "address": "0x5b890eaf2abcfa2ab90b77b8e6f3d5d8609586c3e583baf3dccd5af17edf48d1",
                    "digest": "2iYMCSCRYFGkbzQ5aSUazJgnpACTbtyo6rG2Fq3K1xDj"
                  }
                },
                {
                  "address": "0x6af2a2b7ca60bf76174adfd3e9c4957f8e937759603182f9b46c7f6c5f19c6d2",
                  "idCreated": false,
                  "idDeleted": true,
                  "outputState": null
                },
                {
                  "address": "0x9efef182a83e6b9b8b092371d9554eafbb4f7453104ad37f75896b577db9e0f9",
                  "idCreated": true,
                  "idDeleted": false,
                  "outputState": {
                    "address": "0x9efef182a83e6b9b8b092371d9554eafbb4f7453104ad37f75896b577db9e0f9",
                    "digest": "5xGASmStG9xncGr1XxYfajU2hDL1iGSavVK4M3vJXXFe"
                  }
                }
              ]
            },
            "gasEffects": {
              "gasObject": null,
              "gasSummary": {
                "computationCost": "0",
                "storageCost": "0",
                "storageRebate": "0",
                "nonRefundableStorageFee": "0"
              }
            },
            "timestamp": "1970-01-01T00:01:25Z",
            "epoch": {
              "epochId": 0
            },
            "checkpoint": {
              "sequenceNumber": 2
            },
            "transactionBlock": {
              "digest": "HJr1qepYjE5yAMpJJpenwvraYrCM3UM8MWHZ2B8iYXkL"
            }
          },
          "expiration": null
        }
      ]
    }
  }
}
