---
source: crates/iota-swarm-config/tests/snapshot_tests.rs
expression: genesis.iota_system_object().into_genesis_version_for_tooling()
---
epoch: 0
protocol_version: 12
system_state_version: 1
iota_treasury_cap:
  inner:
    id:
      id: "0x544b752481d04de2375494fbeb3fba05d65b1b1d7c7f64c807bc4f09c7a2ae8b"
    total_supply:
      value: "751500000000000000"
validators:
  total_stake: 1500000000000000
  active_validators:
    - metadata:
        iota_address: "0xb877dacaef0724a0a155ad7c6ae1289580b96646aef3caafd6ebcb1bcf8bd13f"
        authority_pubkey_bytes:
          - 153
          - 242
          - 94
          - 246
          - 31
          - 128
          - 50
          - 185
          - 20
          - 99
          - 100
          - 96
          - 152
          - 44
          - 92
          - 198
          - 241
          - 52
          - 239
          - 29
          - 218
          - 231
          - 102
          - 87
          - 242
          - 203
          - 254
          - 193
          - 235
          - 252
          - 141
          - 9
          - 115
          - 116
          - 8
          - 13
          - 246
          - 252
          - 240
          - 220
          - 184
          - 188
          - 75
          - 13
          - 142
          - 10
          - 245
          - 216
          - 14
          - 187
          - 255
          - 43
          - 76
          - 89
          - 159
          - 84
          - 244
          - 45
          - 99
          - 18
          - 223
          - 195
          - 20
          - 39
          - 96
          - 120
          - 193
          - 204
          - 52
          - 126
          - 187
          - 190
          - 197
          - 25
          - 139
          - 226
          - 88
          - 81
          - 63
          - 56
          - 107
          - 147
          - 13
          - 2
          - 194
          - 116
          - 154
          - 128
          - 62
          - 35
          - 48
          - 149
          - 94
          - 189
          - 26
          - 16
        network_pubkey_bytes:
          - 148
          - 228
          - 168
          - 73
          - 49
          - 68
          - 233
          - 230
          - 150
          - 32
          - 140
          - 190
          - 208
          - 2
          - 89
          - 230
          - 221
          - 181
          - 111
          - 151
          - 155
          - 145
          - 195
          - 41
          - 103
          - 86
          - 9
          - 133
          - 190
          - 97
          - 144
          - 155
        protocol_pubkey_bytes:
          - 31
          - 42
          - 121
          - 1
          - 168
          - 66
          - 228
          - 211
          - 98
          - 59
          - 198
          - 28
          - 225
          - 193
          - 113
          - 125
          - 46
          - 118
          - 142
          - 15
          - 215
          - 45
          - 248
          - 52
          - 26
          - 245
          - 102
          - 21
          - 185
          - 22
          - 240
          - 56
        proof_of_possession_bytes:
          - 185
          - 60
          - 204
          - 156
          - 218
          - 197
          - 31
          - 107
          - 109
          - 84
          - 191
          - 98
          - 196
          - 9
          - 17
          - 141
          - 243
          - 38
          - 4
          - 23
          - 37
          - 149
          - 114
          - 51
          - 168
          - 186
          - 243
          - 141
          - 189
          - 48
          - 40
          - 187
          - 147
          - 104
          - 20
          - 211
          - 60
          - 160
          - 197
          - 136
          - 139
          - 70
          - 112
          - 193
          - 80
          - 163
          - 186
          - 226
        name: "0"
        description: ""
        image_url: ""
        project_url: ""
        net_address: /ip4/127.0.0.1/tcp/80
        p2p_address: /ip4/127.0.0.1/udp/80
        primary_address: /ip4/127.0.0.1/udp/80
        next_epoch_authority_pubkey_bytes: ~
        next_epoch_proof_of_possession: ~
        next_epoch_network_pubkey_bytes: ~
        next_epoch_protocol_pubkey_bytes: ~
        next_epoch_net_address: ~
        next_epoch_p2p_address: ~
        next_epoch_primary_address: ~
        extra_fields:
          id:
            id: "0x31a8a9499ad38f367d8aa135f59e5e3bc7908b48f4b09a2a700e85a6437360d2"
          size: 0
      voting_power: 10000
      operation_cap_id: "0x615ad4d975d5c3987fad4827b53938577300d55e755aff554a3d2218c2f15b67"
      gas_price: 1000
      staking_pool:
        id: "0x11708761a65d1453bb91e5a6cebb104f1eb836acac8b53ca315d62b028c715cb"
        activation_epoch: 0
        deactivation_epoch: ~
        iota_balance: 1500000000000000
        rewards_pool:
          value: 0
        pool_token_balance: 1500000000000000
        exchange_rates:
          id: "0xbd3a970f84e25eefdfbb3ea83822ceff3a553d9c8ffa056faaee9109a14b3155"
          size: 1
        pending_stake: 0
        pending_total_iota_withdraw: 0
        pending_pool_token_withdraw: 0
        extra_fields:
          id:
            id: "0x9dcd2ea6335216ca843a11d9241da3bc97e73f113557af9753a7c02d44dd5160"
          size: 0
      commission_rate: 200
      next_epoch_stake: 1500000000000000
      next_epoch_gas_price: 1000
      next_epoch_commission_rate: 200
      extra_fields:
        id:
          id: "0x0306e439637de6662a136eef1b193f20713f7671034c8b0b09391b33fb0378c6"
        size: 0
  pending_active_validators:
    contents:
      id: "0xa1f645de7bcf0e0a010d2d380e526f1f0b83e71f42982aa2ad97e23a606f506a"
      size: 0
  pending_removals: []
  staking_pool_mappings:
    id: "0xe9d42ea7ffb282d41034e8861dcd1ef0498283c50b6283d7174fe2df72e349cf"
    size: 1
  inactive_validators:
    id: "0x431ad03eda9078c871f910581bd77070247696e8b50b8ffc2d61bc5caf76add6"
    size: 0
  validator_candidates:
    id: "0x84098c0cd1fb6f9e02e3eae19208452757e6cf711cc392d1226db50588094c2d"
    size: 0
  at_risk_validators:
    contents: []
  extra_fields:
    id:
      id: "0xc22f08d85de79c885f0b98eadc938ffac430f43dcf3aae0250a8e137b975749b"
    size: 0
storage_fund:
  total_object_storage_rebates:
    value: 0
  non_refundable_balance:
    value: 0
parameters:
  epoch_duration_ms: 86400000
  min_validator_count: 4
  max_validator_count: 150
  min_validator_joining_stake: 2000000000000000
  validator_low_stake_threshold: 1500000000000000
  validator_very_low_stake_threshold: 1000000000000000
  validator_low_stake_grace_period: 7
  extra_fields:
    id:
      id: "0x26c96d28975be56554c5db47f0da0dbc50bcee345ba4fa4f3db0097b32a13e04"
    size: 0
iota_system_admin_cap:
  dummy_field: false
reference_gas_price: 1000
validator_report_records:
  contents: []
safe_mode: false
safe_mode_storage_charges:
  value: 0
safe_mode_computation_rewards:
  value: 0
safe_mode_storage_rebates: 0
safe_mode_non_refundable_storage_fee: 0
epoch_start_timestamp_ms: 10
extra_fields:
  id:
    id: "0x574fd9492b89a02071c9584c584c177c359b359dbc5546f2304f5d57bbb911cf"
  size: 0
