---
source: crates/iota-swarm-config/tests/snapshot_tests.rs
expression: genesis.iota_system_object().into_genesis_version_for_tooling()
---
epoch: 0
protocol_version: 26
system_state_version: 1
iota_treasury_cap:
  inner:
    id:
      id: "0x28ba6991e9ef5c110d839b7b0cc050dc88f902ffad65788812f5cfe001d5c5a7"
    total_supply:
      value: "751500000000000000"
validators:
  total_stake: 1500000000000000
  active_validators:
    - metadata:
        iota_address: "0xb877dacaef0724a0a155ad7c6ae1289580b96646aef3caafd6ebcb1bcf8bd13f"
        authority_pubkey_bytes:
          - 153
          - 242
          - 94
          - 246
          - 31
          - 128
          - 50
          - 185
          - 20
          - 99
          - 100
          - 96
          - 152
          - 44
          - 92
          - 198
          - 241
          - 52
          - 239
          - 29
          - 218
          - 231
          - 102
          - 87
          - 242
          - 203
          - 254
          - 193
          - 235
          - 252
          - 141
          - 9
          - 115
          - 116
          - 8
          - 13
          - 246
          - 252
          - 240
          - 220
          - 184
          - 188
          - 75
          - 13
          - 142
          - 10
          - 245
          - 216
          - 14
          - 187
          - 255
          - 43
          - 76
          - 89
          - 159
          - 84
          - 244
          - 45
          - 99
          - 18
          - 223
          - 195
          - 20
          - 39
          - 96
          - 120
          - 193
          - 204
          - 52
          - 126
          - 187
          - 190
          - 197
          - 25
          - 139
          - 226
          - 88
          - 81
          - 63
          - 56
          - 107
          - 147
          - 13
          - 2
          - 194
          - 116
          - 154
          - 128
          - 62
          - 35
          - 48
          - 149
          - 94
          - 189
          - 26
          - 16
        network_pubkey_bytes:
          - 148
          - 228
          - 168
          - 73
          - 49
          - 68
          - 233
          - 230
          - 150
          - 32
          - 140
          - 190
          - 208
          - 2
          - 89
          - 230
          - 221
          - 181
          - 111
          - 151
          - 155
          - 145
          - 195
          - 41
          - 103
          - 86
          - 9
          - 133
          - 190
          - 97
          - 144
          - 155
        protocol_pubkey_bytes:
          - 31
          - 42
          - 121
          - 1
          - 168
          - 66
          - 228
          - 211
          - 98
          - 59
          - 198
          - 28
          - 225
          - 193
          - 113
          - 125
          - 46
          - 118
          - 142
          - 15
          - 215
          - 45
          - 248
          - 52
          - 26
          - 245
          - 102
          - 21
          - 185
          - 22
          - 240
          - 56
        proof_of_possession_bytes:
          - 185
          - 60
          - 204
          - 156
          - 218
          - 197
          - 31
          - 107
          - 109
          - 84
          - 191
          - 98
          - 196
          - 9
          - 17
          - 141
          - 243
          - 38
          - 4
          - 23
          - 37
          - 149
          - 114
          - 51
          - 168
          - 186
          - 243
          - 141
          - 189
          - 48
          - 40
          - 187
          - 147
          - 104
          - 20
          - 211
          - 60
          - 160
          - 197
          - 136
          - 139
          - 70
          - 112
          - 193
          - 80
          - 163
          - 186
          - 226
        name: "0"
        description: ""
        image_url: ""
        project_url: ""
        net_address: /ip4/127.0.0.1/tcp/80
        p2p_address: /ip4/127.0.0.1/udp/80
        primary_address: /ip4/127.0.0.1/udp/80
        next_epoch_authority_pubkey_bytes: ~
        next_epoch_proof_of_possession: ~
        next_epoch_network_pubkey_bytes: ~
        next_epoch_protocol_pubkey_bytes: ~
        next_epoch_net_address: ~
        next_epoch_p2p_address: ~
        next_epoch_primary_address: ~
        extra_fields:
          id:
            id: "0x09387e2db5560c6515baff913a4379994c233d05151e13cd44cdefcd2baa3e27"
          size: 0
      voting_power: 10000
      operation_cap_id: "0xc82d23d74df5bf2b91af9418d5a8c02bdb35c8593a46fe8a9edab0651ca313cc"
      gas_price: 1000
      staking_pool:
        id: "0x1b35664f154cd79bfc4d19864fc4528aa7d6cbccacb077aa581eba882a1caf7b"
        activation_epoch: 0
        deactivation_epoch: ~
        iota_balance: 1500000000000000
        rewards_pool:
          value: 0
        pool_token_balance: 1500000000000000
        exchange_rates:
          id: "0xc4bc3ae9c00840de9fae703124a52c1a26ce2ad17be3f44f58f234e0640eefe4"
          size: 1
        pending_stake: 0
        pending_total_iota_withdraw: 0
        pending_pool_token_withdraw: 0
        extra_fields:
          id:
            id: "0x7d297641e79f95c61f46fb79475e556dfe4cc61fae75419341492070d9070223"
          size: 0
      commission_rate: 200
      next_epoch_stake: 1500000000000000
      next_epoch_gas_price: 1000
      next_epoch_commission_rate: 200
      extra_fields:
        id:
          id: "0xbd26b807f84b4941ffc7e62daaf5caccf54eb034f89b2fec77b675648b26266d"
        size: 0
  pending_active_validators:
    contents:
      id: "0x1df89e409c466f0d44c80a9f42869b74286dccca8d0c7e47dba499c6890993c4"
      size: 0
  pending_removals: []
  staking_pool_mappings:
    id: "0x0aa31b9e5b4b18362555462468baf8f7e182861e4562057d7a80cbadcf7c82c2"
    size: 1
  inactive_validators:
    id: "0x3e1fd30f9cf1a1ac4ca3725b6ac3f6a6d4083de26fa53c3286b70cd45eb5af3c"
    size: 0
  validator_candidates:
    id: "0x741e4552e0b470e350f5d9b213e4b7cf1fc54b247fe37fb1c6f5bf0865b3240b"
    size: 0
  at_risk_validators:
    contents: []
  extra_fields:
    id:
      id: "0x3e959b26319ac20a528439eccc9546c93165dd89c32b8cad8cf99dc092acc0e1"
    size: 0
storage_fund:
  total_object_storage_rebates:
    value: 0
  non_refundable_balance:
    value: 0
parameters:
  epoch_duration_ms: 86400000
  min_validator_count: 4
  max_validator_count: 150
  min_validator_joining_stake: 2000000000000000
  validator_low_stake_threshold: 1500000000000000
  validator_very_low_stake_threshold: 1000000000000000
  validator_low_stake_grace_period: 7
  extra_fields:
    id:
      id: "0xbed4be5c8cae3bd3aef348154fc8c18d4873b16f7f09b5a931c6b5484dce4dc4"
    size: 0
iota_system_admin_cap:
  dummy_field: false
reference_gas_price: 1000
validator_report_records:
  contents: []
safe_mode: false
safe_mode_storage_charges:
  value: 0
safe_mode_computation_rewards:
  value: 0
safe_mode_storage_rebates: 0
safe_mode_non_refundable_storage_fee: 0
epoch_start_timestamp_ms: 10
extra_fields:
  id:
    id: "0xb8bca07c6dec20ab04494c6772fc47beda52dcb1392d185a1e16617d80ef250b"
  size: 0
